<testsuites id="" name="" tests="34" failures="0" skipped="0" errors="0" time="51.454058">
<testsuite name="smoke/auth.smoke.spec.ts" timestamp="2026-03-06T10:06:15.141Z" hostname="smoke" tests="6" failures="0" skipped="0" time="25.545" errors="0">
<testcase name="Авторизация в CRM › Страница авторизации доступна и загружается" classname="smoke/auth.smoke.spec.ts" time="4.673">
</testcase>
<testcase name="Авторизация в CRM › Основные элементы страницы отображаются" classname="smoke/auth.smoke.spec.ts" time="3.639">
</testcase>
<testcase name="Авторизация в CRM › Успешная авторизация администратора" classname="smoke/auth.smoke.spec.ts" time="4.879">
</testcase>
<testcase name="Авторизация в CRM › Успешная авторизация обычного пользователя" classname="smoke/auth.smoke.spec.ts" time="5.251">
</testcase>
<testcase name="Авторизация в CRM › Кнопка &quot;Forgot password&quot; открывает модальное окно" classname="smoke/auth.smoke.spec.ts" time="3.542">
</testcase>
<testcase name="Авторизация в CRM › Модальное окно восстановления пароля закрывается" classname="smoke/auth.smoke.spec.ts" time="3.561">
</testcase>
</testsuite>
<testsuite name="smoke/kpi.smoke.spec.ts" timestamp="2026-03-06T10:06:15.141Z" hostname="smoke" tests="9" failures="0" skipped="0" time="40.401" errors="0">
<testcase name="Страница KPI › Подзаголовок отображается корректно" classname="smoke/kpi.smoke.spec.ts" time="5.255">
</testcase>
<testcase name="Страница KPI › Кнопка настроек отображается и кликабельна" classname="smoke/kpi.smoke.spec.ts" time="5.666">
</testcase>
<testcase name="Страница KPI › Основной контент рендерится, error-content скрыт" classname="smoke/kpi.smoke.spec.ts" time="3.287">
</testcase>
<testcase name="Страница KPI › При ошибке загрузки отображается error-content, main-content скрыт" classname="smoke/kpi.smoke.spec.ts" time="7.183">
</testcase>
<testcase name="Страница KPI › Проверка отображения карточек KPI" classname="smoke/kpi.smoke.spec.ts" time="4.331">
</testcase>
<testcase name="Страница KPI › Фильтры по месяцам видимы и работают" classname="smoke/kpi.smoke.spec.ts" time="4.647">
</testcase>
<testcase name="Страница KPI › График производительности отображается и табы переключаются" classname="smoke/kpi.smoke.spec.ts" time="3.905">
</testcase>
<testcase name="Страница KPI › Top Employees отображается" classname="smoke/kpi.smoke.spec.ts" time="2.806">
</testcase>
<testcase name="Страница KPI › Таблица сотрудников отображается и можно открыть карточку сотрудника" classname="smoke/kpi.smoke.spec.ts" time="3.321">
</testcase>
</testsuite>
<testsuite name="regression/functionality.regression.spec.ts" timestamp="2026-03-06T10:06:15.141Z" hostname="regression" tests="7" failures="0" skipped="0" time="29.142" errors="0">
<testcase name="Функциональность авторизации › Работа модального окна восстановления пароля" classname="regression/functionality.regression.spec.ts" time="4.465">
</testcase>
<testcase name="Функциональность авторизации › Закрытие модалки через оверлей" classname="regression/functionality.regression.spec.ts" time="3.261">
</testcase>
<testcase name="Функциональность авторизации › Кнопка &quot;Remember me&quot; работает (UI)" classname="regression/functionality.regression.spec.ts" time="5.22">
</testcase>
<testcase name="Функциональность авторизации › Кнопка &quot;Remember me&quot; работает (Functional)" classname="regression/functionality.regression.spec.ts" time="5.175">
</testcase>
<testcase name="Функциональность авторизации › Кнопка показа/скрытия пароля работает корректно" classname="regression/functionality.regression.spec.ts" time="4.147">
</testcase>
<testcase name="Функциональность авторизации › Переход по Telegram ссылке" classname="regression/functionality.regression.spec.ts" time="2.944">
</testcase>
<testcase name="Функциональность авторизации › Поля сохраняют значения после неуспешной попытки" classname="regression/functionality.regression.spec.ts" time="3.93">
</testcase>
</testsuite>
<testsuite name="regression/kpi.regression.spec.ts" timestamp="2026-03-06T10:06:15.141Z" hostname="regression" tests="8" failures="0" skipped="0" time="41.609" errors="0">
<testcase name="Страница KPI › Фильтры: отображение, активный таб, переключение и изменение контента" classname="regression/kpi.regression.spec.ts" time="5.377">
</testcase>
<testcase name="Страница KPI › Top Employees: подиум отображается полностью и корректно" classname="regression/kpi.regression.spec.ts" time="3.856">
</testcase>
<testcase name="Страница KPI › Top Employees: претенденты корректны и инициалы совпадают" classname="regression/kpi.regression.spec.ts" time="4.025">
</testcase>
<testcase name="Страница KPI › Карточки KPI отображаются и содержат значения" classname="regression/kpi.regression.spec.ts" time="5.626">
</testcase>
<testcase name="Страница KPI › График отображается, табы переключаются без ошибок" classname="regression/kpi.regression.spec.ts" time="4.055">
</testcase>
<testcase name="Страница KPI › Таблица сотрудников: строки отображаются и корректны" classname="regression/kpi.regression.spec.ts" time="3.592">
</testcase>
<testcase name="Страница KPI › Таблица сотрудников: кнопка Open открывает страницу сотрудника" classname="regression/kpi.regression.spec.ts" time="4.183">
</testcase>
<testcase name="Страница KPI › Таблица сотрудников: сортировка по колонкам" classname="regression/kpi.regression.spec.ts" time="10.895">
</testcase>
</testsuite>
<testsuite name="regression/validation.regression.spec.ts" timestamp="2026-03-06T10:06:15.141Z" hostname="regression" tests="4" failures="0" skipped="0" time="13.373" errors="0">
<testcase name="Валидация полей авторизации › Валидация пустых полей" classname="regression/validation.regression.spec.ts" time="3.018">
</testcase>
<testcase name="Валидация полей авторизации › Валидация некорректного email формата" classname="regression/validation.regression.spec.ts" time="3.422">
</testcase>
<testcase name="Валидация полей авторизации › Неуспешная авторизация с неверным паролем" classname="regression/validation.regression.spec.ts" time="3.355">
</testcase>
<testcase name="Валидация полей авторизации › Неуспешная авторизация с несуществующим email" classname="regression/validation.regression.spec.ts" time="3.578">
</testcase>
</testsuite>
</testsuites>